Watching for file changes with StatReloader
[08/Feb/2026 06:39:27] "OPTIONS /api/login/ HTTP/1.1" 200 0
[08/Feb/2026 06:39:29] "POST /api/login/ HTTP/1.1" 200 52
[08/Feb/2026 06:39:29] "OPTIONS /api/profile/ HTTP/1.1" 200 0
[08/Feb/2026 06:39:29] "OPTIONS /api/posts/ HTTP/1.1" 200 0
[08/Feb/2026 06:39:29] "GET /api/profile/ HTTP/1.1" 200 58
[08/Feb/2026 06:39:29] "GET /api/posts/ HTTP/1.1" 200 1432
[08/Feb/2026 06:39:29] "GET /media/perfiles/common_mouse.png HTTP/1.1" 200 28421
[08/Feb/2026 06:39:29] "GET /media/mural/fotos/fancy_mouse.png HTTP/1.1" 200 75771
[08/Feb/2026 06:39:29] "GET /media/mural/fotos/IMG_7367.jpg HTTP/1.1" 200 1542327
[08/Feb/2026 06:39:30] "GET /media/mural/videos/no_audio.mp4 HTTP/1.1" 200 31129397
[08/Feb/2026 06:39:30] "POST /api/posts/ HTTP/1.1" 201 332
[08/Feb/2026 06:39:31] "GET /api/posts/ HTTP/1.1" 200 1765
[08/Feb/2026 06:39:32] "GET /media/mural/videos/no_audio.mp4 HTTP/1.1" 200 31129397
Bad Request: /api/posts/
[08/Feb/2026 06:39:33] "POST /api/posts/ HTTP/1.1" 400 53
[08/Feb/2026 06:40:43] "POST /api/login/ HTTP/1.1" 200 52
[08/Feb/2026 06:41:07] "POST /api/posts/ HTTP/1.1" 201 309
[08/Feb/2026 06:41:29] "POST /api/posts/ HTTP/1.1" 201 309
[08/Feb/2026 06:42:32] "OPTIONS /api/login/ HTTP/1.1" 200 0
[08/Feb/2026 06:42:34] "POST /api/login/ HTTP/1.1" 200 52
[08/Feb/2026 06:42:34] "OPTIONS /api/profile/ HTTP/1.1" 200 0
[08/Feb/2026 06:42:34] "OPTIONS /api/posts/ HTTP/1.1" 200 0
[08/Feb/2026 06:42:34] "GET /api/profile/ HTTP/1.1" 200 58
[08/Feb/2026 06:42:34] "GET /api/posts/ HTTP/1.1" 200 2385
[08/Feb/2026 06:42:34] "GET /media/mural/fotos/fancy_mouse.png HTTP/1.1" 200 75771
[08/Feb/2026 06:42:34] "GET /media/perfiles/common_mouse.png HTTP/1.1" 200 28421
[08/Feb/2026 06:42:34] "GET /media/mural/fotos/IMG_7367.jpg HTTP/1.1" 200 1542327
[08/Feb/2026 06:42:34] "GET /media/mural/videos/no_audio.mp4 HTTP/1.1" 200 31129397
[08/Feb/2026 06:42:36] "POST /api/posts/ HTTP/1.1" 201 332
[08/Feb/2026 06:42:36] "GET /api/posts/ HTTP/1.1" 200 2718
[08/Feb/2026 06:42:39] "GET /media/mural/videos/no_audio.mp4 HTTP/1.1" 200 31129397
[08/Feb/2026 06:42:39] "POST /api/posts/ HTTP/1.1" 201 315
[08/Feb/2026 06:42:39] "GET /api/posts/ HTTP/1.1" 200 3034
[08/Feb/2026 06:43:08] "OPTIONS /api/login/ HTTP/1.1" 200 0
[08/Feb/2026 06:43:10] "POST /api/login/ HTTP/1.1" 200 52
[08/Feb/2026 06:43:10] "OPTIONS /api/profile/ HTTP/1.1" 200 0
[08/Feb/2026 06:43:10] "OPTIONS /api/posts/ HTTP/1.1" 200 0
[08/Feb/2026 06:43:10] "GET /api/posts/ HTTP/1.1" 200 3034
[08/Feb/2026 06:43:10] "GET /api/profile/ HTTP/1.1" 200 58
[08/Feb/2026 06:43:10] "GET /media/perfiles/common_mouse.png HTTP/1.1" 200 28421
[08/Feb/2026 06:43:10] "GET /media/mural/fotos/fancy_mouse.png HTTP/1.1" 200 75771
[08/Feb/2026 06:43:10] "GET /media/mural/fotos/IMG_7367.jpg HTTP/1.1" 200 1542327
[08/Feb/2026 06:43:10] "GET /media/mural/videos/no_audio.mp4 HTTP/1.1" 200 31129397
[08/Feb/2026 06:43:13] "POST /api/posts/ HTTP/1.1" 201 333
[08/Feb/2026 06:43:13] "GET /api/posts/ HTTP/1.1" 200 3368
[08/Feb/2026 06:43:17] "POST /api/posts/ HTTP/1.1" 201 316
[08/Feb/2026 06:43:17] "GET /api/posts/ HTTP/1.1" 200 3685
[08/Feb/2026 06:43:18] "GET /media/mural/videos/no_audio.mp4 HTTP/1.1" 200 31129397
[08/Feb/2026 06:43:22] "GET /media/mural/videos/no_audio.mp4 HTTP/1.1" 200 31129397
[08/Feb/2026 06:47:05] "OPTIONS /api/login/ HTTP/1.1" 200 0
Bad Request: /api/login/
[08/Feb/2026 06:47:06] "POST /api/login/ HTTP/1.1" 400 68
[08/Feb/2026 06:48:50] "OPTIONS /api/login/ HTTP/1.1" 200 0
[08/Feb/2026 06:48:51] "POST /api/login/ HTTP/1.1" 200 52
[08/Feb/2026 06:48:51] "OPTIONS /api/profile/ HTTP/1.1" 200 0
[08/Feb/2026 06:48:51] "OPTIONS /api/posts/ HTTP/1.1" 200 0
[08/Feb/2026 06:48:52] "GET /api/posts/ HTTP/1.1" 200 3685
[08/Feb/2026 06:48:52] "GET /api/profile/ HTTP/1.1" 200 65
[08/Feb/2026 06:48:52] "GET /media/perfiles/common_mouse.png HTTP/1.1" 200 28421
[08/Feb/2026 06:48:52] "GET /media/mural/fotos/fancy_mouse.png HTTP/1.1" 200 75771
[08/Feb/2026 06:48:52] "GET /media/mural/fotos/IMG_7367.jpg HTTP/1.1" 200 1542327
[08/Feb/2026 06:48:52] "GET /media/mural/videos/no_audio.mp4 HTTP/1.1" 200 31129397
[08/Feb/2026 06:50:23] "OPTIONS /api/login/ HTTP/1.1" 200 0
[08/Feb/2026 06:50:24] "POST /api/login/ HTTP/1.1" 200 52
[08/Feb/2026 06:50:25] "OPTIONS /api/profile/ HTTP/1.1" 200 0
[08/Feb/2026 06:50:25] "OPTIONS /api/posts/ HTTP/1.1" 200 0
[08/Feb/2026 06:50:25] "GET /api/profile/ HTTP/1.1" 200 65
[08/Feb/2026 06:50:25] "GET /api/posts/ HTTP/1.1" 200 3685
[08/Feb/2026 06:50:25] "GET /media/perfiles/common_mouse.png HTTP/1.1" 200 28421
[08/Feb/2026 06:50:25] "GET /media/mural/fotos/fancy_mouse.png HTTP/1.1" 200 75771
[08/Feb/2026 06:50:25] "GET /media/mural/fotos/IMG_7367.jpg HTTP/1.1" 200 1542327
[08/Feb/2026 06:50:28] "GET /media/mural/videos/no_audio.mp4 HTTP/1.1" 200 31129397
[08/Feb/2026 06:50:29] "POST /api/posts/ HTTP/1.1" 201 339
[08/Feb/2026 06:50:29] "GET /api/posts/ HTTP/1.1" 200 4025
